<?xml version="1.0"?>
<link_info>
   <banner>TMS320C2000 Linker Unix v6.2.7</banner>
   <copyright>Copyright (c) 1996-2014 Texas Instruments Incorporated</copyright>
   <link_time>0x59b2a15e</link_time>
   <link_errors>0x0</link_errors>
   <output_file>motorsEpsilonC1.out</output_file>
   <entry_point>
      <name>_c_int00</name>
      <address>0x3f6afd</address>
   </entry_point>
   <input_file_list>
      <input_file id="fl-2">
         <path>./</path>
         <kind>object</kind>
         <file>F2806x_CodeStartBranch.obj</file>
         <name>F2806x_CodeStartBranch.obj</name>
      </input_file>
      <input_file id="fl-3">
         <path>./</path>
         <kind>object</kind>
         <file>clk.obj</file>
         <name>clk.obj</name>
      </input_file>
      <input_file id="fl-4">
         <path>./</path>
         <kind>object</kind>
         <file>gpio.obj</file>
         <name>gpio.obj</name>
      </input_file>
      <input_file id="fl-5">
         <path>./</path>
         <kind>object</kind>
         <file>main.obj</file>
         <name>main.obj</name>
      </input_file>
      <input_file id="fl-14">
         <path>/opt/ti/ccsv7/tools/compiler/ti-cgt-c2000_6.2.7/lib/</path>
         <kind>archive</kind>
         <file>rts2800_fpu32.lib</file>
         <name>boot.obj</name>
      </input_file>
      <input_file id="fl-15">
         <path>/opt/ti/ccsv7/tools/compiler/ti-cgt-c2000_6.2.7/lib/</path>
         <kind>archive</kind>
         <file>rts2800_fpu32.lib</file>
         <name>cos.obj</name>
      </input_file>
      <input_file id="fl-16">
         <path>/opt/ti/ccsv7/tools/compiler/ti-cgt-c2000_6.2.7/lib/</path>
         <kind>archive</kind>
         <file>rts2800_fpu32.lib</file>
         <name>exit.obj</name>
      </input_file>
      <input_file id="fl-17">
         <path>/opt/ti/ccsv7/tools/compiler/ti-cgt-c2000_6.2.7/lib/</path>
         <kind>archive</kind>
         <file>rts2800_fpu32.lib</file>
         <name>fs_div.obj</name>
      </input_file>
      <input_file id="fl-18">
         <path>/opt/ti/ccsv7/tools/compiler/ti-cgt-c2000_6.2.7/lib/</path>
         <kind>archive</kind>
         <file>rts2800_fpu32.lib</file>
         <name>sin.obj</name>
      </input_file>
      <input_file id="fl-19">
         <path>/opt/ti/ccsv7/tools/compiler/ti-cgt-c2000_6.2.7/lib/</path>
         <kind>archive</kind>
         <file>rts2800_fpu32.lib</file>
         <name>_lock.obj</name>
      </input_file>
      <input_file id="fl-1a">
         <path>/opt/ti/ccsv7/tools/compiler/ti-cgt-c2000_6.2.7/lib/</path>
         <kind>archive</kind>
         <file>rts2800_fpu32.lib</file>
         <name>args_main.obj</name>
      </input_file>
   </input_file_list>
   <object_component_list>
      <object_component id="oc-25">
         <name>.cinit</name>
         <load_address>0x3f6d86</load_address>
         <run_address>0x3f6d86</run_address>
         <size>0x1a2</size>
         <input_file_ref idref="fl-5"/>
      </object_component>
      <object_component id="oc-44">
         <name>.cinit</name>
         <load_address>0x3f6f28</load_address>
         <run_address>0x3f6f28</run_address>
         <size>0xa</size>
         <input_file_ref idref="fl-19"/>
      </object_component>
      <object_component id="oc-36">
         <name>.cinit</name>
         <load_address>0x3f6f32</load_address>
         <run_address>0x3f6f32</run_address>
         <size>0xa</size>
         <input_file_ref idref="fl-16"/>
      </object_component>
      <object_component id="oc-4f">
         <name>.text</name>
         <load_address>0x3f4000</load_address>
         <run_address>0x3f4000</run_address>
         <size>0x171f</size>
         <input_file_ref idref="fl-5"/>
      </object_component>
      <object_component id="oc-28">
         <name>.text:retain</name>
         <load_address>0x3f571f</load_address>
         <run_address>0x3f571f</run_address>
         <size>0xe49</size>
         <input_file_ref idref="fl-5"/>
      </object_component>
      <object_component id="oc-53">
         <name>.text</name>
         <load_address>0x3f6568</load_address>
         <run_address>0x3f6568</run_address>
         <size>0x2ca</size>
         <input_file_ref idref="fl-3"/>
      </object_component>
      <object_component id="oc-50">
         <name>.text</name>
         <load_address>0x3f6832</load_address>
         <run_address>0x3f6832</run_address>
         <size>0x18a</size>
         <input_file_ref idref="fl-4"/>
      </object_component>
      <object_component id="oc-3b">
         <name>.text</name>
         <load_address>0x3f69bc</load_address>
         <run_address>0x3f69bc</run_address>
         <size>0x88</size>
         <input_file_ref idref="fl-17"/>
      </object_component>
      <object_component id="oc-55">
         <name>.text</name>
         <load_address>0x3f6a44</load_address>
         <run_address>0x3f6a44</run_address>
         <size>0x61</size>
         <input_file_ref idref="fl-15"/>
      </object_component>
      <object_component id="oc-56">
         <name>.text</name>
         <load_address>0x3f6aa5</load_address>
         <run_address>0x3f6aa5</run_address>
         <size>0x58</size>
         <input_file_ref idref="fl-18"/>
      </object_component>
      <object_component id="oc-16">
         <name>.text</name>
         <load_address>0x3f6afd</load_address>
         <run_address>0x3f6afd</run_address>
         <size>0x46</size>
         <input_file_ref idref="fl-14"/>
      </object_component>
      <object_component id="oc-4d">
         <name>.text</name>
         <load_address>0x3f6b43</load_address>
         <run_address>0x3f6b43</run_address>
         <size>0x19</size>
         <input_file_ref idref="fl-1a"/>
      </object_component>
      <object_component id="oc-4e">
         <name>.text</name>
         <load_address>0x3f6b5c</load_address>
         <run_address>0x3f6b5c</run_address>
         <size>0x19</size>
         <input_file_ref idref="fl-16"/>
      </object_component>
      <object_component id="oc-51">
         <name>.text</name>
         <load_address>0x3f6b75</load_address>
         <run_address>0x3f6b75</run_address>
         <size>0x9</size>
         <input_file_ref idref="fl-19"/>
      </object_component>
      <object_component id="oc-17">
         <name>.text</name>
         <load_address>0x3f6b7e</load_address>
         <run_address>0x3f6b7e</run_address>
         <size>0x8</size>
         <input_file_ref idref="fl-2"/>
      </object_component>
      <object_component id="oc-18">
         <name>codestart</name>
         <load_address>0x3f7ff6</load_address>
         <run_address>0x3f7ff6</run_address>
         <size>0x2</size>
         <input_file_ref idref="fl-2"/>
      </object_component>
      <object_component id="oc-2c">
         <name>.stack</name>
         <uninitialized>true</uninitialized>
         <run_address>0x50</run_address>
         <size>0x0</size>
         <input_file_ref idref="fl-14"/>
      </object_component>
      <object_component id="oc-74">
         <name>.stack</name>
         <uninitialized>true</uninitialized>
         <run_address>0x50</run_address>
         <size>0x0</size>
      </object_component>
      <object_component id="oc-26">
         <name>.ebss</name>
         <uninitialized>true</uninitialized>
         <run_address>0x9000</run_address>
         <size>0x400</size>
         <input_file_ref idref="fl-5"/>
      </object_component>
      <object_component id="oc-37">
         <name>.ebss</name>
         <uninitialized>true</uninitialized>
         <run_address>0x9404</run_address>
         <size>0x4</size>
         <input_file_ref idref="fl-16"/>
      </object_component>
      <object_component id="oc-45">
         <name>.ebss</name>
         <uninitialized>true</uninitialized>
         <run_address>0x9400</run_address>
         <size>0x4</size>
         <input_file_ref idref="fl-19"/>
      </object_component>
      <object_component id="oc-54">
         <name>.econst:.string:_CRC_TABLE</name>
         <load_address>0x3f6b86</load_address>
         <run_address>0x3f6b86</run_address>
         <size>0x100</size>
         <input_file_ref idref="fl-5"/>
      </object_component>
      <object_component id="oc-27">
         <name>.econst</name>
         <load_address>0x3f6c86</load_address>
         <run_address>0x3f6c86</run_address>
         <size>0x100</size>
         <input_file_ref idref="fl-5"/>
      </object_component>
      <object_component id="oc-52">
         <name>.switch:_adcRead</name>
         <load_address>0x3f6f3e</load_address>
         <run_address>0x3f6f3e</run_address>
         <size>0x20</size>
         <input_file_ref idref="fl-5"/>
      </object_component>
      <object_component id="oc-2d">
         <name>.reset</name>
         <load_address>0x3fffc0</load_address>
         <run_address>0x3fffc0</run_address>
         <size>0x2</size>
         <input_file_ref idref="fl-14"/>
      </object_component>
      <object_component id="oc-19">
         <name>.debug_info</name>
         <load_address>0x0</load_address>
         <run_address>0x0</run_address>
         <size>0x147</size>
         <input_file_ref idref="fl-2"/>
      </object_component>
      <object_component id="oc-1c">
         <name>.debug_info</name>
         <load_address>0x147</load_address>
         <run_address>0x147</run_address>
         <size>0x4810</size>
         <input_file_ref idref="fl-3"/>
      </object_component>
      <object_component id="oc-20">
         <name>.debug_info</name>
         <load_address>0x4957</load_address>
         <run_address>0x4957</run_address>
         <size>0x2f7e</size>
         <input_file_ref idref="fl-4"/>
      </object_component>
      <object_component id="oc-24">
         <name>.debug_info</name>
         <load_address>0x78d5</load_address>
         <run_address>0x78d5</run_address>
         <size>0x15c62</size>
         <input_file_ref idref="fl-5"/>
      </object_component>
      <object_component id="oc-2e">
         <name>.debug_info</name>
         <load_address>0x1d537</load_address>
         <run_address>0x1d537</run_address>
         <size>0xde</size>
         <input_file_ref idref="fl-14"/>
      </object_component>
      <object_component id="oc-31">
         <name>.debug_info</name>
         <load_address>0x1d615</load_address>
         <run_address>0x1d615</run_address>
         <size>0x3c6</size>
         <input_file_ref idref="fl-15"/>
      </object_component>
      <object_component id="oc-35">
         <name>.debug_info</name>
         <load_address>0x1d9db</load_address>
         <run_address>0x1d9db</run_address>
         <size>0x488</size>
         <input_file_ref idref="fl-16"/>
      </object_component>
      <object_component id="oc-3c">
         <name>.debug_info</name>
         <load_address>0x1de63</load_address>
         <run_address>0x1de63</run_address>
         <size>0xc0</size>
         <input_file_ref idref="fl-17"/>
      </object_component>
      <object_component id="oc-3f">
         <name>.debug_info</name>
         <load_address>0x1df23</load_address>
         <run_address>0x1df23</run_address>
         <size>0x3d8</size>
         <input_file_ref idref="fl-18"/>
      </object_component>
      <object_component id="oc-43">
         <name>.debug_info</name>
         <load_address>0x1e2fb</load_address>
         <run_address>0x1e2fb</run_address>
         <size>0x4ae</size>
         <input_file_ref idref="fl-19"/>
      </object_component>
      <object_component id="oc-49">
         <name>.debug_info</name>
         <load_address>0x1e7a9</load_address>
         <run_address>0x1e7a9</run_address>
         <size>0x46f</size>
         <input_file_ref idref="fl-1a"/>
      </object_component>
      <object_component id="oc-75">
         <name>.debug_info</name>
         <load_address>0x1ec18</load_address>
         <run_address>0x1ec18</run_address>
         <size>0x71</size>
      </object_component>
      <object_component id="oc-1a">
         <name>.debug_line</name>
         <load_address>0x0</load_address>
         <run_address>0x0</run_address>
         <size>0x5c</size>
         <input_file_ref idref="fl-2"/>
      </object_component>
      <object_component id="oc-1e">
         <name>.debug_line</name>
         <load_address>0x5c</load_address>
         <run_address>0x5c</run_address>
         <size>0x6ee</size>
         <input_file_ref idref="fl-3"/>
      </object_component>
      <object_component id="oc-22">
         <name>.debug_line</name>
         <load_address>0x74a</load_address>
         <run_address>0x74a</run_address>
         <size>0x215</size>
         <input_file_ref idref="fl-4"/>
      </object_component>
      <object_component id="oc-2a">
         <name>.debug_line</name>
         <load_address>0x95f</load_address>
         <run_address>0x95f</run_address>
         <size>0x21b0</size>
         <input_file_ref idref="fl-5"/>
      </object_component>
      <object_component id="oc-2f">
         <name>.debug_line</name>
         <load_address>0x2b0f</load_address>
         <run_address>0x2b0f</run_address>
         <size>0x71</size>
         <input_file_ref idref="fl-14"/>
      </object_component>
      <object_component id="oc-33">
         <name>.debug_line</name>
         <load_address>0x2b80</load_address>
         <run_address>0x2b80</run_address>
         <size>0x49</size>
         <input_file_ref idref="fl-15"/>
      </object_component>
      <object_component id="oc-39">
         <name>.debug_line</name>
         <load_address>0x2bc9</load_address>
         <run_address>0x2bc9</run_address>
         <size>0x62</size>
         <input_file_ref idref="fl-16"/>
      </object_component>
      <object_component id="oc-3d">
         <name>.debug_line</name>
         <load_address>0x2c2b</load_address>
         <run_address>0x2c2b</run_address>
         <size>0xaa</size>
         <input_file_ref idref="fl-17"/>
      </object_component>
      <object_component id="oc-41">
         <name>.debug_line</name>
         <load_address>0x2cd5</load_address>
         <run_address>0x2cd5</run_address>
         <size>0x5c</size>
         <input_file_ref idref="fl-18"/>
      </object_component>
      <object_component id="oc-47">
         <name>.debug_line</name>
         <load_address>0x2d31</load_address>
         <run_address>0x2d31</run_address>
         <size>0x5b</size>
         <input_file_ref idref="fl-19"/>
      </object_component>
      <object_component id="oc-4b">
         <name>.debug_line</name>
         <load_address>0x2d8c</load_address>
         <run_address>0x2d8c</run_address>
         <size>0x50</size>
         <input_file_ref idref="fl-1a"/>
      </object_component>
      <object_component id="oc-1b">
         <name>.debug_abbrev</name>
         <load_address>0x0</load_address>
         <run_address>0x0</run_address>
         <size>0x20</size>
         <input_file_ref idref="fl-2"/>
      </object_component>
      <object_component id="oc-1f">
         <name>.debug_abbrev</name>
         <load_address>0x20</load_address>
         <run_address>0x20</run_address>
         <size>0x15f</size>
         <input_file_ref idref="fl-3"/>
      </object_component>
      <object_component id="oc-23">
         <name>.debug_abbrev</name>
         <load_address>0x17f</load_address>
         <run_address>0x17f</run_address>
         <size>0x15f</size>
         <input_file_ref idref="fl-4"/>
      </object_component>
      <object_component id="oc-2b">
         <name>.debug_abbrev</name>
         <load_address>0x2de</load_address>
         <run_address>0x2de</run_address>
         <size>0x2bb</size>
         <input_file_ref idref="fl-5"/>
      </object_component>
      <object_component id="oc-30">
         <name>.debug_abbrev</name>
         <load_address>0x599</load_address>
         <run_address>0x599</run_address>
         <size>0x43</size>
         <input_file_ref idref="fl-14"/>
      </object_component>
      <object_component id="oc-34">
         <name>.debug_abbrev</name>
         <load_address>0x5dc</load_address>
         <run_address>0x5dc</run_address>
         <size>0x92</size>
         <input_file_ref idref="fl-15"/>
      </object_component>
      <object_component id="oc-3a">
         <name>.debug_abbrev</name>
         <load_address>0x66e</load_address>
         <run_address>0x66e</run_address>
         <size>0x10c</size>
         <input_file_ref idref="fl-16"/>
      </object_component>
      <object_component id="oc-3e">
         <name>.debug_abbrev</name>
         <load_address>0x77a</load_address>
         <run_address>0x77a</run_address>
         <size>0x35</size>
         <input_file_ref idref="fl-17"/>
      </object_component>
      <object_component id="oc-42">
         <name>.debug_abbrev</name>
         <load_address>0x7af</load_address>
         <run_address>0x7af</run_address>
         <size>0x92</size>
         <input_file_ref idref="fl-18"/>
      </object_component>
      <object_component id="oc-48">
         <name>.debug_abbrev</name>
         <load_address>0x841</load_address>
         <run_address>0x841</run_address>
         <size>0xa9</size>
         <input_file_ref idref="fl-19"/>
      </object_component>
      <object_component id="oc-4c">
         <name>.debug_abbrev</name>
         <load_address>0x8ea</load_address>
         <run_address>0x8ea</run_address>
         <size>0xed</size>
         <input_file_ref idref="fl-1a"/>
      </object_component>
      <object_component id="oc-76">
         <name>.debug_abbrev</name>
         <load_address>0x9d7</load_address>
         <run_address>0x9d7</run_address>
         <size>0xd</size>
      </object_component>
      <object_component id="oc-1d">
         <name>.debug_frame</name>
         <load_address>0x0</load_address>
         <run_address>0x0</run_address>
         <size>0x6e2</size>
         <input_file_ref idref="fl-3"/>
      </object_component>
      <object_component id="oc-21">
         <name>.debug_frame</name>
         <load_address>0x6e2</load_address>
         <run_address>0x6e2</run_address>
         <size>0x19d</size>
         <input_file_ref idref="fl-4"/>
      </object_component>
      <object_component id="oc-29">
         <name>.debug_frame</name>
         <load_address>0x87f</load_address>
         <run_address>0x87f</run_address>
         <size>0x1a12</size>
         <input_file_ref idref="fl-5"/>
      </object_component>
      <object_component id="oc-32">
         <name>.debug_frame</name>
         <load_address>0x2291</load_address>
         <run_address>0x2291</run_address>
         <size>0xad</size>
         <input_file_ref idref="fl-15"/>
      </object_component>
      <object_component id="oc-38">
         <name>.debug_frame</name>
         <load_address>0x233e</load_address>
         <run_address>0x233e</run_address>
         <size>0xc7</size>
         <input_file_ref idref="fl-16"/>
      </object_component>
      <object_component id="oc-40">
         <name>.debug_frame</name>
         <load_address>0x2405</load_address>
         <run_address>0x2405</run_address>
         <size>0xad</size>
         <input_file_ref idref="fl-18"/>
      </object_component>
      <object_component id="oc-46">
         <name>.debug_frame</name>
         <load_address>0x24b2</load_address>
         <run_address>0x24b2</run_address>
         <size>0xd6</size>
         <input_file_ref idref="fl-19"/>
      </object_component>
      <object_component id="oc-4a">
         <name>.debug_frame</name>
         <load_address>0x2588</load_address>
         <run_address>0x2588</run_address>
         <size>0xa6</size>
         <input_file_ref idref="fl-1a"/>
      </object_component>
   </object_component_list>
   <logical_group_list>
      <logical_group id="lg-2" display="no" color="cyan">
         <name>.cinit</name>
         <load_address>0x3f6d86</load_address>
         <run_address>0x3f6d86</run_address>
         <size>0x1b8</size>
         <contents>
            <object_component_ref idref="oc-25"/>
            <object_component_ref idref="oc-44"/>
            <object_component_ref idref="oc-36"/>
         </contents>
      </logical_group>
      <logical_group id="lg-3" display="no" color="cyan">
         <name>.pinit</name>
         <run_address>0x0</run_address>
         <size>0x0</size>
         <contents>
         </contents>
      </logical_group>
      <logical_group id="lg-4" display="no" color="cyan">
         <name>.text</name>
         <load_address>0x3f4000</load_address>
         <run_address>0x3f4000</run_address>
         <size>0x2b86</size>
         <contents>
            <object_component_ref idref="oc-4f"/>
            <object_component_ref idref="oc-28"/>
            <object_component_ref idref="oc-53"/>
            <object_component_ref idref="oc-50"/>
            <object_component_ref idref="oc-3b"/>
            <object_component_ref idref="oc-55"/>
            <object_component_ref idref="oc-56"/>
            <object_component_ref idref="oc-16"/>
            <object_component_ref idref="oc-4d"/>
            <object_component_ref idref="oc-4e"/>
            <object_component_ref idref="oc-51"/>
            <object_component_ref idref="oc-17"/>
         </contents>
      </logical_group>
      <logical_group id="lg-5" display="no" color="cyan">
         <name>codestart</name>
         <load_address>0x3f7ff6</load_address>
         <run_address>0x3f7ff6</run_address>
         <size>0x2</size>
         <contents>
            <object_component_ref idref="oc-18"/>
         </contents>
      </logical_group>
      <logical_group id="lg-6" display="no" color="cyan">
         <name>csmpasswds</name>
         <run_address>0x0</run_address>
         <size>0x0</size>
         <contents>
         </contents>
      </logical_group>
      <logical_group id="lg-7" display="no" color="cyan">
         <name>csm_rsvd</name>
         <run_address>0x0</run_address>
         <size>0x0</size>
         <contents>
         </contents>
      </logical_group>
      <logical_group id="lg-8" display="no" color="cyan">
         <name>.stack</name>
         <run_address>0x50</run_address>
         <size>0x300</size>
         <contents>
            <object_component_ref idref="oc-2c"/>
            <object_component_ref idref="oc-74"/>
         </contents>
      </logical_group>
      <logical_group id="lg-9" display="no" color="cyan">
         <name>.ebss</name>
         <run_address>0x9000</run_address>
         <size>0x408</size>
         <contents>
            <object_component_ref idref="oc-26"/>
            <object_component_ref idref="oc-37"/>
            <object_component_ref idref="oc-45"/>
         </contents>
      </logical_group>
      <logical_group id="lg-a" display="no" color="cyan">
         <name>.esysmem</name>
         <run_address>0x0</run_address>
         <size>0x0</size>
         <contents>
         </contents>
      </logical_group>
      <logical_group id="lg-b" display="no" color="cyan">
         <name>.econst</name>
         <load_address>0x3f6b86</load_address>
         <run_address>0x3f6b86</run_address>
         <size>0x200</size>
         <contents>
            <object_component_ref idref="oc-54"/>
            <object_component_ref idref="oc-27"/>
         </contents>
      </logical_group>
      <logical_group id="lg-c" display="no" color="cyan">
         <name>.switch</name>
         <load_address>0x3f6f3e</load_address>
         <run_address>0x3f6f3e</run_address>
         <size>0x20</size>
         <contents>
            <object_component_ref idref="oc-52"/>
         </contents>
      </logical_group>
      <logical_group id="lg-d" display="no" color="cyan">
         <name>IQmath</name>
         <run_address>0x0</run_address>
         <size>0x0</size>
         <contents>
         </contents>
      </logical_group>
      <logical_group id="lg-e" display="no" color="cyan">
         <name>IQmathTables</name>
         <run_address>0x0</run_address>
         <size>0x0</size>
         <contents>
         </contents>
      </logical_group>
      <logical_group id="lg-f" display="no" color="cyan">
         <name>FPUmathTables</name>
         <run_address>0x0</run_address>
         <size>0x0</size>
         <contents>
         </contents>
      </logical_group>
      <logical_group id="lg-10" display="no" color="cyan">
         <name>DMARAML5</name>
         <run_address>0x0</run_address>
         <size>0x0</size>
         <contents>
         </contents>
      </logical_group>
      <logical_group id="lg-11" display="no" color="cyan">
         <name>DMARAML6</name>
         <run_address>0x0</run_address>
         <size>0x0</size>
         <contents>
         </contents>
      </logical_group>
      <logical_group id="lg-12" display="no" color="cyan">
         <name>DMARAML7</name>
         <run_address>0x0</run_address>
         <size>0x0</size>
         <contents>
         </contents>
      </logical_group>
      <logical_group id="lg-13" display="no" color="cyan">
         <name>DMARAML8</name>
         <run_address>0x0</run_address>
         <size>0x0</size>
         <contents>
         </contents>
      </logical_group>
      <logical_group id="lg-14" display="no" color="cyan">
         <name>.reset</name>
         <load_address>0x3fffc0</load_address>
         <run_address>0x3fffc0</run_address>
         <size>0x2</size>
         <contents>
            <object_component_ref idref="oc-2d"/>
         </contents>
      </logical_group>
      <logical_group id="lg-15" display="no" color="cyan">
         <name>vectors</name>
         <run_address>0x3fffc2</run_address>
         <size>0x0</size>
         <contents>
         </contents>
      </logical_group>
      <logical_group id="lg-6b" display="never" color="cyan">
         <name>.debug_info</name>
         <load_address>0x0</load_address>
         <run_address>0x0</run_address>
         <size>0x1ec89</size>
         <contents>
            <object_component_ref idref="oc-19"/>
            <object_component_ref idref="oc-1c"/>
            <object_component_ref idref="oc-20"/>
            <object_component_ref idref="oc-24"/>
            <object_component_ref idref="oc-2e"/>
            <object_component_ref idref="oc-31"/>
            <object_component_ref idref="oc-35"/>
            <object_component_ref idref="oc-3c"/>
            <object_component_ref idref="oc-3f"/>
            <object_component_ref idref="oc-43"/>
            <object_component_ref idref="oc-49"/>
            <object_component_ref idref="oc-75"/>
         </contents>
      </logical_group>
      <logical_group id="lg-6d" display="never" color="cyan">
         <name>.debug_line</name>
         <load_address>0x0</load_address>
         <run_address>0x0</run_address>
         <size>0x2ddc</size>
         <contents>
            <object_component_ref idref="oc-1a"/>
            <object_component_ref idref="oc-1e"/>
            <object_component_ref idref="oc-22"/>
            <object_component_ref idref="oc-2a"/>
            <object_component_ref idref="oc-2f"/>
            <object_component_ref idref="oc-33"/>
            <object_component_ref idref="oc-39"/>
            <object_component_ref idref="oc-3d"/>
            <object_component_ref idref="oc-41"/>
            <object_component_ref idref="oc-47"/>
            <object_component_ref idref="oc-4b"/>
         </contents>
      </logical_group>
      <logical_group id="lg-6f" display="never" color="cyan">
         <name>.debug_abbrev</name>
         <load_address>0x0</load_address>
         <run_address>0x0</run_address>
         <size>0x9e4</size>
         <contents>
            <object_component_ref idref="oc-1b"/>
            <object_component_ref idref="oc-1f"/>
            <object_component_ref idref="oc-23"/>
            <object_component_ref idref="oc-2b"/>
            <object_component_ref idref="oc-30"/>
            <object_component_ref idref="oc-34"/>
            <object_component_ref idref="oc-3a"/>
            <object_component_ref idref="oc-3e"/>
            <object_component_ref idref="oc-42"/>
            <object_component_ref idref="oc-48"/>
            <object_component_ref idref="oc-4c"/>
            <object_component_ref idref="oc-76"/>
         </contents>
      </logical_group>
      <logical_group id="lg-71" display="never" color="cyan">
         <name>.debug_frame</name>
         <load_address>0x0</load_address>
         <run_address>0x0</run_address>
         <size>0x262e</size>
         <contents>
            <object_component_ref idref="oc-1d"/>
            <object_component_ref idref="oc-21"/>
            <object_component_ref idref="oc-29"/>
            <object_component_ref idref="oc-32"/>
            <object_component_ref idref="oc-38"/>
            <object_component_ref idref="oc-40"/>
            <object_component_ref idref="oc-46"/>
            <object_component_ref idref="oc-4a"/>
         </contents>
      </logical_group>
   </logical_group_list>
   <placement_map>
      <memory_area display="yes" color="green">
         <name>RAML0</name>
         <page_id>0x0</page_id>
         <origin>0x8000</origin>
         <length>0x800</length>
         <used_space>0x0</used_space>
         <unused_space>0x800</unused_space>
         <attributes>RWIX</attributes>
         <usage_details>
         </usage_details>
      </memory_area>
      <memory_area display="yes" color="green">
         <name>RAML1</name>
         <page_id>0x0</page_id>
         <origin>0x8800</origin>
         <length>0x400</length>
         <used_space>0x0</used_space>
         <unused_space>0x400</unused_space>
         <attributes>RWIX</attributes>
         <usage_details>
         </usage_details>
      </memory_area>
      <memory_area display="yes" color="green">
         <name>OTP</name>
         <page_id>0x0</page_id>
         <origin>0x3d7800</origin>
         <length>0x400</length>
         <used_space>0x0</used_space>
         <unused_space>0x400</unused_space>
         <attributes>RWIX</attributes>
         <usage_details>
         </usage_details>
      </memory_area>
      <memory_area display="yes" color="green">
         <name>FLASHH</name>
         <page_id>0x0</page_id>
         <origin>0x3d8000</origin>
         <length>0x4000</length>
         <used_space>0x0</used_space>
         <unused_space>0x4000</unused_space>
         <attributes>RWIX</attributes>
         <usage_details>
         </usage_details>
      </memory_area>
      <memory_area display="yes" color="green">
         <name>FLASHG</name>
         <page_id>0x0</page_id>
         <origin>0x3dc000</origin>
         <length>0x4000</length>
         <used_space>0x0</used_space>
         <unused_space>0x4000</unused_space>
         <attributes>RWIX</attributes>
         <usage_details>
         </usage_details>
      </memory_area>
      <memory_area display="yes" color="green">
         <name>FLASHF</name>
         <page_id>0x0</page_id>
         <origin>0x3e0000</origin>
         <length>0x4000</length>
         <used_space>0x0</used_space>
         <unused_space>0x4000</unused_space>
         <attributes>RWIX</attributes>
         <usage_details>
         </usage_details>
      </memory_area>
      <memory_area display="yes" color="green">
         <name>FLASHE</name>
         <page_id>0x0</page_id>
         <origin>0x3e4000</origin>
         <length>0x4000</length>
         <used_space>0x0</used_space>
         <unused_space>0x4000</unused_space>
         <attributes>RWIX</attributes>
         <usage_details>
         </usage_details>
      </memory_area>
      <memory_area display="yes" color="green">
         <name>FLASHD</name>
         <page_id>0x0</page_id>
         <origin>0x3e8000</origin>
         <length>0x4000</length>
         <used_space>0x0</used_space>
         <unused_space>0x4000</unused_space>
         <attributes>RWIX</attributes>
         <usage_details>
         </usage_details>
      </memory_area>
      <memory_area display="yes" color="green">
         <name>FLASHC</name>
         <page_id>0x0</page_id>
         <origin>0x3ec000</origin>
         <length>0x4000</length>
         <used_space>0x0</used_space>
         <unused_space>0x4000</unused_space>
         <attributes>RWIX</attributes>
         <usage_details>
         </usage_details>
      </memory_area>
      <memory_area display="yes" color="green">
         <name>FLASHA</name>
         <page_id>0x0</page_id>
         <origin>0x3f4000</origin>
         <length>0x3f80</length>
         <used_space>0x2f5e</used_space>
         <unused_space>0x1022</unused_space>
         <attributes>RWIX</attributes>
         <usage_details>
            <allocated_space>
               <start_address>0x3f4000</start_address>
               <size>0x2b86</size>
               <logical_group_ref idref="lg-4"/>
            </allocated_space>
            <allocated_space>
               <start_address>0x3f6b86</start_address>
               <size>0x200</size>
               <logical_group_ref idref="lg-b"/>
            </allocated_space>
            <allocated_space>
               <start_address>0x3f6d86</start_address>
               <size>0x1b8</size>
               <logical_group_ref idref="lg-2"/>
            </allocated_space>
            <allocated_space>
               <start_address>0x3f6f3e</start_address>
               <size>0x20</size>
               <logical_group_ref idref="lg-c"/>
            </allocated_space>
            <available_space>
               <start_address>0x3f6f5e</start_address>
               <size>0x1022</size>
            </available_space>
         </usage_details>
      </memory_area>
      <memory_area display="yes" color="green">
         <name>CSM_RSVD</name>
         <page_id>0x0</page_id>
         <origin>0x3f7f80</origin>
         <length>0x76</length>
         <used_space>0x0</used_space>
         <unused_space>0x76</unused_space>
         <attributes>RWIX</attributes>
         <usage_details>
         </usage_details>
      </memory_area>
      <memory_area display="no" color="green">
         <name>BEGIN</name>
         <page_id>0x0</page_id>
         <origin>0x3f7ff6</origin>
         <length>0x2</length>
         <used_space>0x2</used_space>
         <unused_space>0x0</unused_space>
         <attributes>RWIX</attributes>
         <usage_details>
            <allocated_space>
               <start_address>0x3f7ff6</start_address>
               <size>0x2</size>
               <logical_group_ref idref="lg-5"/>
            </allocated_space>
         </usage_details>
      </memory_area>
      <memory_area display="no" color="green">
         <name>CSM_PWL_P0</name>
         <page_id>0x0</page_id>
         <origin>0x3f7ff8</origin>
         <length>0x8</length>
         <used_space>0x0</used_space>
         <unused_space>0x8</unused_space>
         <attributes>RWIX</attributes>
         <usage_details>
         </usage_details>
      </memory_area>
      <memory_area display="yes" color="green">
         <name>FPUTABLES</name>
         <page_id>0x0</page_id>
         <origin>0x3fd860</origin>
         <length>0x6a0</length>
         <used_space>0x0</used_space>
         <unused_space>0x6a0</unused_space>
         <attributes>RWIX</attributes>
         <usage_details>
         </usage_details>
      </memory_area>
      <memory_area display="yes" color="green">
         <name>IQTABLES</name>
         <page_id>0x0</page_id>
         <origin>0x3fdf00</origin>
         <length>0xb50</length>
         <used_space>0x0</used_space>
         <unused_space>0xb50</unused_space>
         <attributes>RWIX</attributes>
         <usage_details>
         </usage_details>
      </memory_area>
      <memory_area display="yes" color="green">
         <name>IQTABLES2</name>
         <page_id>0x0</page_id>
         <origin>0x3fea50</origin>
         <length>0x8c</length>
         <used_space>0x0</used_space>
         <unused_space>0x8c</unused_space>
         <attributes>RWIX</attributes>
         <usage_details>
         </usage_details>
      </memory_area>
      <memory_area display="yes" color="green">
         <name>IQTABLES3</name>
         <page_id>0x0</page_id>
         <origin>0x3feadc</origin>
         <length>0xaa</length>
         <used_space>0x0</used_space>
         <unused_space>0xaa</unused_space>
         <attributes>RWIX</attributes>
         <usage_details>
         </usage_details>
      </memory_area>
      <memory_area display="yes" color="green">
         <name>ROM</name>
         <page_id>0x0</page_id>
         <origin>0x3ff3b0</origin>
         <length>0xc10</length>
         <used_space>0x0</used_space>
         <unused_space>0xc10</unused_space>
         <attributes>RWIX</attributes>
         <usage_details>
         </usage_details>
      </memory_area>
      <memory_area display="no" color="green">
         <name>RESET</name>
         <page_id>0x0</page_id>
         <origin>0x3fffc0</origin>
         <length>0x2</length>
         <used_space>0x0</used_space>
         <unused_space>0x2</unused_space>
         <attributes>RWIX</attributes>
         <usage_details>
         </usage_details>
      </memory_area>
      <memory_area display="no" color="green">
         <name>VECTORS</name>
         <page_id>0x0</page_id>
         <origin>0x3fffc2</origin>
         <length>0x3e</length>
         <used_space>0x0</used_space>
         <unused_space>0x3e</unused_space>
         <attributes>RWIX</attributes>
         <usage_details>
         </usage_details>
      </memory_area>
      <memory_area display="no" color="green">
         <name>BOOT_RSVD</name>
         <page_id>0x1</page_id>
         <origin>0x0</origin>
         <length>0x50</length>
         <used_space>0x0</used_space>
         <unused_space>0x50</unused_space>
         <attributes>RWIX</attributes>
         <usage_details>
         </usage_details>
      </memory_area>
      <memory_area display="yes" color="green">
         <name>RAMM0</name>
         <page_id>0x1</page_id>
         <origin>0x50</origin>
         <length>0x3b0</length>
         <used_space>0x300</used_space>
         <unused_space>0xb0</unused_space>
         <attributes>RWIX</attributes>
         <usage_details>
            <allocated_space>
               <start_address>0x50</start_address>
               <size>0x300</size>
               <logical_group_ref idref="lg-8"/>
            </allocated_space>
            <available_space>
               <start_address>0x350</start_address>
               <size>0xb0</size>
            </available_space>
         </usage_details>
      </memory_area>
      <memory_area display="yes" color="green">
         <name>RAMM1</name>
         <page_id>0x1</page_id>
         <origin>0x400</origin>
         <length>0x400</length>
         <used_space>0x0</used_space>
         <unused_space>0x400</unused_space>
         <attributes>RWIX</attributes>
         <usage_details>
         </usage_details>
      </memory_area>
      <memory_area display="yes" color="green">
         <name>RAML2</name>
         <page_id>0x1</page_id>
         <origin>0x8c00</origin>
         <length>0x400</length>
         <used_space>0x0</used_space>
         <unused_space>0x400</unused_space>
         <attributes>RWIX</attributes>
         <usage_details>
         </usage_details>
      </memory_area>
      <memory_area display="yes" color="green">
         <name>RAML3</name>
         <page_id>0x1</page_id>
         <origin>0x9000</origin>
         <length>0x1000</length>
         <used_space>0x408</used_space>
         <unused_space>0xbf8</unused_space>
         <attributes>RWIX</attributes>
         <usage_details>
            <allocated_space>
               <start_address>0x9000</start_address>
               <size>0x408</size>
               <logical_group_ref idref="lg-9"/>
            </allocated_space>
            <available_space>
               <start_address>0x9408</start_address>
               <size>0xbf8</size>
            </available_space>
         </usage_details>
      </memory_area>
      <memory_area display="yes" color="green">
         <name>RAML4</name>
         <page_id>0x1</page_id>
         <origin>0xa000</origin>
         <length>0x2000</length>
         <used_space>0x0</used_space>
         <unused_space>0x2000</unused_space>
         <attributes>RWIX</attributes>
         <usage_details>
         </usage_details>
      </memory_area>
      <memory_area display="yes" color="green">
         <name>RAML5</name>
         <page_id>0x1</page_id>
         <origin>0xc000</origin>
         <length>0x2000</length>
         <used_space>0x0</used_space>
         <unused_space>0x2000</unused_space>
         <attributes>RWIX</attributes>
         <usage_details>
         </usage_details>
      </memory_area>
      <memory_area display="yes" color="green">
         <name>RAML6</name>
         <page_id>0x1</page_id>
         <origin>0xe000</origin>
         <length>0x2000</length>
         <used_space>0x0</used_space>
         <unused_space>0x2000</unused_space>
         <attributes>RWIX</attributes>
         <usage_details>
         </usage_details>
      </memory_area>
      <memory_area display="yes" color="green">
         <name>RAML7</name>
         <page_id>0x1</page_id>
         <origin>0x10000</origin>
         <length>0x2000</length>
         <used_space>0x0</used_space>
         <unused_space>0x2000</unused_space>
         <attributes>RWIX</attributes>
         <usage_details>
         </usage_details>
      </memory_area>
      <memory_area display="yes" color="green">
         <name>RAML8</name>
         <page_id>0x1</page_id>
         <origin>0x12000</origin>
         <length>0x2000</length>
         <used_space>0x0</used_space>
         <unused_space>0x2000</unused_space>
         <attributes>RWIX</attributes>
         <usage_details>
         </usage_details>
      </memory_area>
      <memory_area display="yes" color="green">
         <name>USB_RAM</name>
         <page_id>0x1</page_id>
         <origin>0x40000</origin>
         <length>0x800</length>
         <used_space>0x0</used_space>
         <unused_space>0x800</unused_space>
         <attributes>RWIX</attributes>
         <usage_details>
         </usage_details>
      </memory_area>
      <memory_area display="yes" color="green">
         <name>FLASHB</name>
         <page_id>0x1</page_id>
         <origin>0x3f0000</origin>
         <length>0x4000</length>
         <used_space>0x0</used_space>
         <unused_space>0x4000</unused_space>
         <attributes>RWIX</attributes>
         <usage_details>
         </usage_details>
      </memory_area>
   </placement_map>
   <symbol_table>
      <symbol id="sm-0">
         <name>cinit</name>
         <value>0x3f6d86</value>
      </symbol>
      <symbol id="sm-1">
         <name>___cinit__</name>
         <value>0x3f6d86</value>
      </symbol>
      <symbol id="sm-2">
         <name>pinit</name>
         <value>0xffffffff</value>
      </symbol>
      <symbol id="sm-3">
         <name>___pinit__</name>
         <value>0xffffffff</value>
      </symbol>
      <symbol id="sm-4">
         <name>binit</name>
         <value>0xffffffff</value>
      </symbol>
      <symbol id="sm-5">
         <name>___binit__</name>
         <value>0xffffffff</value>
      </symbol>
      <symbol id="sm-6">
         <name>__STACK_SIZE</name>
         <value>0x300</value>
      </symbol>
      <symbol id="sm-7">
         <name>__STACK_END</name>
         <value>0x350</value>
      </symbol>
      <symbol id="sm-8">
         <name>___c_args__</name>
         <value>0xffffffff</value>
      </symbol>
      <symbol id="sm-9">
         <name>.text</name>
         <value>0x3f4000</value>
      </symbol>
      <symbol id="sm-a">
         <name>___text__</name>
         <value>0x3f4000</value>
      </symbol>
      <symbol id="sm-b">
         <name>etext</name>
         <value>0x3f6b86</value>
      </symbol>
      <symbol id="sm-c">
         <name>___etext__</name>
         <value>0x3f6b86</value>
      </symbol>
      <symbol id="sm-47">
         <name>code_start</name>
         <value>0x3f7ff6</value>
         <object_component_ref idref="oc-18"/>
      </symbol>
      <symbol id="sm-53">
         <name>_CLK_enableLinAClock</name>
         <value>0x3f672a</value>
         <object_component_ref idref="oc-53"/>
      </symbol>
      <symbol id="sm-54">
         <name>_CLK_enablePwmClock</name>
         <value>0x3f6767</value>
         <object_component_ref idref="oc-53"/>
      </symbol>
      <symbol id="sm-55">
         <name>_CLK_enableSpiaClock</name>
         <value>0x3f6784</value>
         <object_component_ref idref="oc-53"/>
      </symbol>
      <symbol id="sm-56">
         <name>_CLK_enableSpibClock</name>
         <value>0x3f6791</value>
         <object_component_ref idref="oc-53"/>
      </symbol>
      <symbol id="sm-57">
         <name>_CLK_enableOsc1HaltMode</name>
         <value>0x3f6743</value>
         <object_component_ref idref="oc-53"/>
      </symbol>
      <symbol id="sm-58">
         <name>_CLK_enableHrPwmClock</name>
         <value>0x3f6710</value>
         <object_component_ref idref="oc-53"/>
      </symbol>
      <symbol id="sm-59">
         <name>_CLK_enableClaClock</name>
         <value>0x3f669b</value>
         <object_component_ref idref="oc-53"/>
      </symbol>
      <symbol id="sm-5a">
         <name>_CLK_disableCrystalOsc</name>
         <value>0x3f65a9</value>
         <object_component_ref idref="oc-53"/>
      </symbol>
      <symbol id="sm-5b">
         <name>_CLK_enableAdcClock</name>
         <value>0x3f668e</value>
         <object_component_ref idref="oc-53"/>
      </symbol>
      <symbol id="sm-5c">
         <name>_CLK_disableGpioInputClock</name>
         <value>0x3f65dc</value>
         <object_component_ref idref="oc-53"/>
      </symbol>
      <symbol id="sm-5d">
         <name>_CLK_disableAdcClock</name>
         <value>0x3f6568</value>
         <object_component_ref idref="oc-53"/>
      </symbol>
      <symbol id="sm-5e">
         <name>_CLK_enableEqep1Clock</name>
         <value>0x3f66dd</value>
         <object_component_ref idref="oc-53"/>
      </symbol>
      <symbol id="sm-5f">
         <name>_CLK_disableEcanaClock</name>
         <value>0x3f65b5</value>
         <object_component_ref idref="oc-53"/>
      </symbol>
      <symbol id="sm-60">
         <name>_CLK_disableClaClock</name>
         <value>0x3f6575</value>
         <object_component_ref idref="oc-53"/>
      </symbol>
      <symbol id="sm-61">
         <name>_CLK_enableWatchDogHaltMode</name>
         <value>0x3f67ab</value>
         <object_component_ref idref="oc-53"/>
      </symbol>
      <symbol id="sm-62">
         <name>_CLK_disableOsc2</name>
         <value>0x3f6628</value>
         <object_component_ref idref="oc-53"/>
      </symbol>
      <symbol id="sm-63">
         <name>_CLK_disableOsc1</name>
         <value>0x3f6610</value>
         <object_component_ref idref="oc-53"/>
      </symbol>
      <symbol id="sm-64">
         <name>_CLK_setTimer2Src</name>
         <value>0x3f6812</value>
         <object_component_ref idref="oc-53"/>
      </symbol>
      <symbol id="sm-65">
         <name>_CLK_enableTbClockSync</name>
         <value>0x3f679e</value>
         <object_component_ref idref="oc-53"/>
      </symbol>
      <symbol id="sm-66">
         <name>_CLK_disableSciaClock</name>
         <value>0x3f6651</value>
         <object_component_ref idref="oc-53"/>
      </symbol>
      <symbol id="sm-67">
         <name>_CLK_disableOsc2HaltMode</name>
         <value>0x3f6634</value>
         <object_component_ref idref="oc-53"/>
      </symbol>
      <symbol id="sm-68">
         <name>_CLK_enableCompClock</name>
         <value>0x3f66a8</value>
         <object_component_ref idref="oc-53"/>
      </symbol>
      <symbol id="sm-69">
         <name>_CLK_enableCpuTimerClock</name>
         <value>0x3f66b6</value>
         <object_component_ref idref="oc-53"/>
      </symbol>
      <symbol id="sm-6a">
         <name>_CLK_disableTbClockSync</name>
         <value>0x3f6675</value>
         <object_component_ref idref="oc-53"/>
      </symbol>
      <symbol id="sm-6b">
         <name>_CLK_disableCompClock</name>
         <value>0x3f658e</value>
         <object_component_ref idref="oc-53"/>
      </symbol>
      <symbol id="sm-6c">
         <name>_CLK_enableEcap1Clock</name>
         <value>0x3f66ea</value>
         <object_component_ref idref="oc-53"/>
      </symbol>
      <symbol id="sm-6d">
         <name>_CLK_enableSciaClock</name>
         <value>0x3f6777</value>
         <object_component_ref idref="oc-53"/>
      </symbol>
      <symbol id="sm-6e">
         <name>_CLK_setWatchDogSrc</name>
         <value>0x3f6822</value>
         <object_component_ref idref="oc-53"/>
      </symbol>
      <symbol id="sm-6f">
         <name>_CLK_disablePwmClock</name>
         <value>0x3f6640</value>
         <object_component_ref idref="oc-53"/>
      </symbol>
      <symbol id="sm-70">
         <name>_CLK_enableOsc2HaltMode</name>
         <value>0x3f675b</value>
         <object_component_ref idref="oc-53"/>
      </symbol>
      <symbol id="sm-71">
         <name>_CLK_setOscSrc</name>
         <value>0x3f67e2</value>
         <object_component_ref idref="oc-53"/>
      </symbol>
      <symbol id="sm-72">
         <name>_CLK_setTimer2PreScale</name>
         <value>0x3f6802</value>
         <object_component_ref idref="oc-53"/>
      </symbol>
      <symbol id="sm-73">
         <name>_CLK_enableI2cClock</name>
         <value>0x3f671d</value>
         <object_component_ref idref="oc-53"/>
      </symbol>
      <symbol id="sm-74">
         <name>_CLK_setOsc2Src</name>
         <value>0x3f67f2</value>
         <object_component_ref idref="oc-53"/>
      </symbol>
      <symbol id="sm-75">
         <name>_CLK_enableOsc1</name>
         <value>0x3f6737</value>
         <object_component_ref idref="oc-53"/>
      </symbol>
      <symbol id="sm-76">
         <name>_CLK_enableOsc2</name>
         <value>0x3f674f</value>
         <object_component_ref idref="oc-53"/>
      </symbol>
      <symbol id="sm-77">
         <name>_CLK_disableCpuTimerClock</name>
         <value>0x3f659a</value>
         <object_component_ref idref="oc-53"/>
      </symbol>
      <symbol id="sm-78">
         <name>_CLK_setLowSpdPreScaler</name>
         <value>0x3f67d4</value>
         <object_component_ref idref="oc-53"/>
      </symbol>
      <symbol id="sm-79">
         <name>_CLK_disableEqep1Clock</name>
         <value>0x3f65cf</value>
         <object_component_ref idref="oc-53"/>
      </symbol>
      <symbol id="sm-7a">
         <name>_CLK_disableI2cClock</name>
         <value>0x3f65f6</value>
         <object_component_ref idref="oc-53"/>
      </symbol>
      <symbol id="sm-7b">
         <name>_CLK_disableOsc1HaltMode</name>
         <value>0x3f661c</value>
         <object_component_ref idref="oc-53"/>
      </symbol>
      <symbol id="sm-7c">
         <name>_CLK_enableClkIn</name>
         <value>0x3f66f7</value>
         <object_component_ref idref="oc-53"/>
      </symbol>
      <symbol id="sm-7d">
         <name>_CLK_setClkOutPreScaler</name>
         <value>0x3f67c4</value>
         <object_component_ref idref="oc-53"/>
      </symbol>
      <symbol id="sm-7e">
         <name>_CLK_disableLinAClock</name>
         <value>0x3f6603</value>
         <object_component_ref idref="oc-53"/>
      </symbol>
      <symbol id="sm-7f">
         <name>_CLK_disableWatchDogHaltMode</name>
         <value>0x3f6682</value>
         <object_component_ref idref="oc-53"/>
      </symbol>
      <symbol id="sm-80">
         <name>_CLK_disableEcap1Clock</name>
         <value>0x3f65c2</value>
         <object_component_ref idref="oc-53"/>
      </symbol>
      <symbol id="sm-81">
         <name>_CLK_enableGpioInputClock</name>
         <value>0x3f6703</value>
         <object_component_ref idref="oc-53"/>
      </symbol>
      <symbol id="sm-82">
         <name>_CLK_enableCrystalOsc</name>
         <value>0x3f66c4</value>
         <object_component_ref idref="oc-53"/>
      </symbol>
      <symbol id="sm-83">
         <name>_CLK_enableEcanaClock</name>
         <value>0x3f66d0</value>
         <object_component_ref idref="oc-53"/>
      </symbol>
      <symbol id="sm-84">
         <name>_CLK_disableClkIn</name>
         <value>0x3f6582</value>
         <object_component_ref idref="oc-53"/>
      </symbol>
      <symbol id="sm-85">
         <name>_CLK_disableHrPwmClock</name>
         <value>0x3f65e9</value>
         <object_component_ref idref="oc-53"/>
      </symbol>
      <symbol id="sm-86">
         <name>_CLK_init</name>
         <value>0x3f67b7</value>
         <object_component_ref idref="oc-53"/>
      </symbol>
      <symbol id="sm-87">
         <name>_CLK_disableSpibClock</name>
         <value>0x3f666b</value>
         <object_component_ref idref="oc-53"/>
      </symbol>
      <symbol id="sm-88">
         <name>_CLK_disableSpiaClock</name>
         <value>0x3f665e</value>
         <object_component_ref idref="oc-53"/>
      </symbol>
      <symbol id="sm-a6">
         <name>_GPIO_setExtInt</name>
         <value>0x3f68b7</value>
         <object_component_ref idref="oc-50"/>
      </symbol>
      <symbol id="sm-a7">
         <name>_GPIO_setLow</name>
         <value>0x3f6915</value>
         <object_component_ref idref="oc-50"/>
      </symbol>
      <symbol id="sm-a8">
         <name>_GPIO_toggle</name>
         <value>0x3f699e</value>
         <object_component_ref idref="oc-50"/>
      </symbol>
      <symbol id="sm-a9">
         <name>_GPIO_setMode</name>
         <value>0x3f6933</value>
         <object_component_ref idref="oc-50"/>
      </symbol>
      <symbol id="sm-aa">
         <name>_GPIO_init</name>
         <value>0x3f6832</value>
         <object_component_ref idref="oc-50"/>
      </symbol>
      <symbol id="sm-ab">
         <name>_GPIO_read</name>
         <value>0x3f68ca</value>
         <object_component_ref idref="oc-50"/>
      </symbol>
      <symbol id="sm-ac">
         <name>_GPIO_setDirection</name>
         <value>0x3f687b</value>
         <object_component_ref idref="oc-50"/>
      </symbol>
      <symbol id="sm-ad">
         <name>_GPIO_setHigh</name>
         <value>0x3f68f7</value>
         <object_component_ref idref="oc-50"/>
      </symbol>
      <symbol id="sm-ae">
         <name>_GPIO_setPullup</name>
         <value>0x3f683f</value>
         <object_component_ref idref="oc-50"/>
      </symbol>
      <symbol id="sm-257">
         <name>_ILLEGAL_ISR</name>
         <value>0x3f575b</value>
         <object_component_ref idref="oc-28"/>
      </symbol>
      <symbol id="sm-258">
         <name>_EPWM8_INT_ISR</name>
         <value>0x3f58b9</value>
         <object_component_ref idref="oc-28"/>
      </symbol>
      <symbol id="sm-259">
         <name>_USB0_INT_ISR</name>
         <value>0x3f591d</value>
         <object_component_ref idref="oc-28"/>
      </symbol>
      <symbol id="sm-25a">
         <name>_SAAD_CTRL_ALL</name>
         <value>0x902e</value>
         <object_component_ref idref="oc-26"/>
      </symbol>
      <symbol id="sm-25b">
         <name>_CTRLSUM_BITS</name>
         <value>0x900a</value>
         <object_component_ref idref="oc-26"/>
      </symbol>
      <symbol id="sm-25c">
         <name>_main</name>
         <value>0x3f52ca</value>
         <object_component_ref idref="oc-4f"/>
      </symbol>
      <symbol id="sm-25d">
         <name>_adcInit</name>
         <value>0x3f4670</value>
         <object_component_ref idref="oc-4f"/>
      </symbol>
      <symbol id="sm-25e">
         <name>_EPWM6_INT_ISR</name>
         <value>0x3f58a5</value>
         <object_component_ref idref="oc-28"/>
      </symbol>
      <symbol id="sm-25f">
         <name>_ADCINT4_ISR</name>
         <value>0x3f59f9</value>
         <object_component_ref idref="oc-28"/>
      </symbol>
      <symbol id="sm-260">
         <name>_SCI_RX_isr</name>
         <value>0x3f6527</value>
         <object_component_ref idref="oc-28"/>
      </symbol>
      <symbol id="sm-261">
         <name>_cpu_timer2_isr</name>
         <value>0x3f5f0a</value>
         <object_component_ref idref="oc-28"/>
      </symbol>
      <symbol id="sm-262">
         <name>_crc8POS</name>
         <value>0x3f4e39</value>
         <object_component_ref idref="oc-4f"/>
      </symbol>
      <symbol id="sm-263">
         <name>_abcI</name>
         <value>0x90cc</value>
         <object_component_ref idref="oc-26"/>
      </symbol>
      <symbol id="sm-264">
         <name>_VELOCITY_BITS</name>
         <value>0x9008</value>
         <object_component_ref idref="oc-26"/>
      </symbol>
      <symbol id="sm-265">
         <name>_spiDisableFF</name>
         <value>0x3f4af2</value>
         <object_component_ref idref="oc-4f"/>
      </symbol>
      <symbol id="sm-266">
         <name>_DATALOG_ISR</name>
         <value>0x3f5733</value>
         <object_component_ref idref="oc-28"/>
      </symbol>
      <symbol id="sm-267">
         <name>_SPITXINTA_ISR</name>
         <value>0x3f5931</value>
         <object_component_ref idref="oc-28"/>
      </symbol>
      <symbol id="sm-268">
         <name>_SPIRXINTA_ISR</name>
         <value>0x3f5927</value>
         <object_component_ref idref="oc-28"/>
      </symbol>
      <symbol id="sm-269">
         <name>_DINTCH3_ISR</name>
         <value>0x3f5977</value>
         <object_component_ref idref="oc-28"/>
      </symbol>
      <symbol id="sm-26a">
         <name>_interrupS</name>
         <value>0x905a</value>
         <object_component_ref idref="oc-26"/>
      </symbol>
      <symbol id="sm-26b">
         <name>_interrupsCtrlInit</name>
         <value>0x3f4b56</value>
         <object_component_ref idref="oc-4f"/>
      </symbol>
      <symbol id="sm-26c">
         <name>_InitPll</name>
         <value>0x3f4506</value>
         <object_component_ref idref="oc-4f"/>
      </symbol>
      <symbol id="sm-26d">
         <name>_spiSetupFF</name>
         <value>0x3f4ae3</value>
         <object_component_ref idref="oc-4f"/>
      </symbol>
      <symbol id="sm-26e">
         <name>_ECAP3_INT_ISR</name>
         <value>0x3f58d7</value>
         <object_component_ref idref="oc-28"/>
      </symbol>
      <symbol id="sm-26f">
         <name>_pwmSetupWTest</name>
         <value>0x3f4c99</value>
         <object_component_ref idref="oc-4f"/>
      </symbol>
      <symbol id="sm-270">
         <name>_SAAD_TEST_RES</name>
         <value>0x9005</value>
         <object_component_ref idref="oc-26"/>
      </symbol>
      <symbol id="sm-271">
         <name>_refQ</name>
         <value>0x9078</value>
         <object_component_ref idref="oc-26"/>
      </symbol>
      <symbol id="sm-272">
         <name>_INT13_ISR</name>
         <value>0x3f571f</value>
         <object_component_ref idref="oc-28"/>
      </symbol>
      <symbol id="sm-273">
         <name>_refD</name>
         <value>0x9070</value>
         <object_component_ref idref="oc-26"/>
      </symbol>
      <symbol id="sm-274">
         <name>_HRCAP4_INT_ISR</name>
         <value>0x3f5913</value>
         <object_component_ref idref="oc-28"/>
      </symbol>
      <symbol id="sm-275">
         <name>_interrupsInit</name>
         <value>0x3f4b4a</value>
         <object_component_ref idref="oc-4f"/>
      </symbol>
      <symbol id="sm-276">
         <name>_DisableDog</name>
         <value>0x3f44fc</value>
         <object_component_ref idref="oc-4f"/>
      </symbol>
      <symbol id="sm-277">
         <name>_ADCINT5_ISR</name>
         <value>0x3f5a03</value>
         <object_component_ref idref="oc-28"/>
      </symbol>
      <symbol id="sm-278">
         <name>_MXINTA_ISR</name>
         <value>0x3f5959</value>
         <object_component_ref idref="oc-28"/>
      </symbol>
      <symbol id="sm-279">
         <name>_alBe</name>
         <value>0x9088</value>
         <object_component_ref idref="oc-26"/>
      </symbol>
      <symbol id="sm-27a">
         <name>_cpu_timer1_isr</name>
         <value>0x3f5f93</value>
         <object_component_ref idref="oc-28"/>
      </symbol>
      <symbol id="sm-27b">
         <name>_EPWM8_TZINT_ISR</name>
         <value>0x3f5869</value>
         <object_component_ref idref="oc-28"/>
      </symbol>
      <symbol id="sm-27c">
         <name>_iTot</name>
         <value>0x9074</value>
         <object_component_ref idref="oc-26"/>
      </symbol>
      <symbol id="sm-27d">
         <name>_POSITION_BITS</name>
         <value>0x9021</value>
         <object_component_ref idref="oc-26"/>
      </symbol>
      <symbol id="sm-27e">
         <name>_EPWM4_INT_ISR</name>
         <value>0x3f5891</value>
         <object_component_ref idref="oc-28"/>
      </symbol>
      <symbol id="sm-27f">
         <name>_SAAD_ST_BITS</name>
         <value>0x9023</value>
         <object_component_ref idref="oc-26"/>
      </symbol>
      <symbol id="sm-280">
         <name>_USER5_ISR</name>
         <value>0x3f578d</value>
         <object_component_ref idref="oc-28"/>
      </symbol>
      <symbol id="sm-281">
         <name>_timer1cnt</name>
         <value>0x904a</value>
         <object_component_ref idref="oc-26"/>
      </symbol>
      <symbol id="sm-282">
         <name>_abc</name>
         <value>0x90d8</value>
         <object_component_ref idref="oc-26"/>
      </symbol>
      <symbol id="sm-283">
         <name>_CLA1_INT2_ISR</name>
         <value>0x3f5a35</value>
         <object_component_ref idref="oc-28"/>
      </symbol>
      <symbol id="sm-284">
         <name>_EMPTY_ISR</name>
         <value>0x3f5a99</value>
         <object_component_ref idref="oc-28"/>
      </symbol>
      <symbol id="sm-285">
         <name>_ADC_config</name>
         <value>0x3f4679</value>
         <object_component_ref idref="oc-4f"/>
      </symbol>
      <symbol id="sm-286">
         <name>_EPWM5_TZINT_ISR</name>
         <value>0x3f584b</value>
         <object_component_ref idref="oc-28"/>
      </symbol>
      <symbol id="sm-287">
         <name>_sciFramePart</name>
         <value>0x901f</value>
         <object_component_ref idref="oc-26"/>
      </symbol>
      <symbol id="sm-288">
         <name>_CLA1_INT8_ISR</name>
         <value>0x3f5a71</value>
         <object_component_ref idref="oc-28"/>
      </symbol>
      <symbol id="sm-289">
         <name>_EPWM4_TZINT_ISR</name>
         <value>0x3f5841</value>
         <object_component_ref idref="oc-28"/>
      </symbol>
      <symbol id="sm-28a">
         <name>_ECAN0INTA_ISR</name>
         <value>0x3f59db</value>
         <object_component_ref idref="oc-28"/>
      </symbol>
      <symbol id="sm-28b">
         <name>_saadTestsPs</name>
         <value>0x901a</value>
         <object_component_ref idref="oc-26"/>
      </symbol>
      <symbol id="sm-28c">
         <name>_EPWM7_TZINT_ISR</name>
         <value>0x3f585f</value>
         <object_component_ref idref="oc-28"/>
      </symbol>
      <symbol id="sm-28d">
         <name>_pwmSInit</name>
         <value>0x3f4c84</value>
         <object_component_ref idref="oc-4f"/>
      </symbol>
      <symbol id="sm-28e">
         <name>_EPWM6_TZINT_ISR</name>
         <value>0x3f5855</value>
         <object_component_ref idref="oc-28"/>
      </symbol>
      <symbol id="sm-28f">
         <name>_mode1cnt</name>
         <value>0x9044</value>
         <object_component_ref idref="oc-26"/>
      </symbol>
      <symbol id="sm-290">
         <name>_EMUINT_ISR</name>
         <value>0x3f5747</value>
         <object_component_ref idref="oc-28"/>
      </symbol>
      <symbol id="sm-291">
         <name>_setIntOsc1</name>
         <value>0x3f4607</value>
         <object_component_ref idref="oc-4f"/>
      </symbol>
      <symbol id="sm-292">
         <name>_setIntOsc2</name>
         <value>0x3f461c</value>
         <object_component_ref idref="oc-4f"/>
      </symbol>
      <symbol id="sm-293">
         <name>_ECAP1_INT_ISR</name>
         <value>0x3f58c3</value>
         <object_component_ref idref="oc-28"/>
      </symbol>
      <symbol id="sm-294">
         <name>_EPWM1_TZINT_ISR</name>
         <value>0x3f5823</value>
         <object_component_ref idref="oc-28"/>
      </symbol>
      <symbol id="sm-295">
         <name>_ADCINT6_ISR</name>
         <value>0x3f5a0d</value>
         <object_component_ref idref="oc-28"/>
      </symbol>
      <symbol id="sm-296">
         <name>_lockDevStart</name>
         <value>0x3f5553</value>
         <object_component_ref idref="oc-4f"/>
      </symbol>
      <symbol id="sm-297">
         <name>_EQEP2_INT_ISR</name>
         <value>0x3f58ff</value>
         <object_component_ref idref="oc-28"/>
      </symbol>
      <symbol id="sm-298">
         <name>_cpu_timer0_isr</name>
         <value>0x3f5aba</value>
         <object_component_ref idref="oc-28"/>
      </symbol>
      <symbol id="sm-299">
         <name>_sciSendCnt</name>
         <value>0x901e</value>
         <object_component_ref idref="oc-26"/>
      </symbol>
      <symbol id="sm-29a">
         <name>_HRCAP2_INT_ISR</name>
         <value>0x3f58eb</value>
         <object_component_ref idref="oc-28"/>
      </symbol>
      <symbol id="sm-29b">
         <name>_park</name>
         <value>0x3f500d</value>
         <object_component_ref idref="oc-4f"/>
      </symbol>
      <symbol id="sm-29c">
         <name>_moveMode</name>
         <value>0x9012</value>
         <object_component_ref idref="oc-26"/>
      </symbol>
      <symbol id="sm-29d">
         <name>_ADCINT8_ISR</name>
         <value>0x3f5a21</value>
         <object_component_ref idref="oc-28"/>
      </symbol>
      <symbol id="sm-29e">
         <name>_USER11_ISR</name>
         <value>0x3f57c9</value>
         <object_component_ref idref="oc-28"/>
      </symbol>
      <symbol id="sm-29f">
         <name>_pwmHandle</name>
         <value>0x90c0</value>
         <object_component_ref idref="oc-26"/>
      </symbol>
      <symbol id="sm-2a0">
         <name>_EPWM3_TZINT_ISR</name>
         <value>0x3f5837</value>
         <object_component_ref idref="oc-28"/>
      </symbol>
      <symbol id="sm-2a1">
         <name>_sciaInit</name>
         <value>0x3f4b00</value>
         <object_component_ref idref="oc-4f"/>
      </symbol>
      <symbol id="sm-2a2">
         <name>_COMMAND_BYTE_BITS</name>
         <value>0x9004</value>
         <object_component_ref idref="oc-26"/>
      </symbol>
      <symbol id="sm-2a3">
         <name>_USER4_ISR</name>
         <value>0x3f5783</value>
         <object_component_ref idref="oc-28"/>
      </symbol>
      <symbol id="sm-2a4">
         <name>_EPWM2_TZINT_ISR</name>
         <value>0x3f582d</value>
         <object_component_ref idref="oc-28"/>
      </symbol>
      <symbol id="sm-2a5">
         <name>_pidCalc</name>
         <value>0x3f4f13</value>
         <object_component_ref idref="oc-4f"/>
      </symbol>
      <symbol id="sm-2a6">
         <name>_CLA1_INT3_ISR</name>
         <value>0x3f5a3f</value>
         <object_component_ref idref="oc-28"/>
      </symbol>
      <symbol id="sm-2a7">
         <name>_CpuTimer1Regs</name>
         <value>0x9058</value>
         <object_component_ref idref="oc-26"/>
      </symbol>
      <symbol id="sm-2a8">
         <name>_ConfigCpuTimer1</name>
         <value>0x3f4c3a</value>
         <object_component_ref idref="oc-4f"/>
      </symbol>
      <symbol id="sm-2a9">
         <name>_ConfigCpuTimer0</name>
         <value>0x3f4c14</value>
         <object_component_ref idref="oc-4f"/>
      </symbol>
      <symbol id="sm-2aa">
         <name>_ConfigCpuTimer2</name>
         <value>0x3f4c5f</value>
         <object_component_ref idref="oc-4f"/>
      </symbol>
      <symbol id="sm-2ab">
         <name>_setupGPIOs</name>
         <value>0x3f4260</value>
         <object_component_ref idref="oc-4f"/>
      </symbol>
      <symbol id="sm-2ac">
         <name>_timeUp</name>
         <value>0x904c</value>
         <object_component_ref idref="oc-26"/>
      </symbol>
      <symbol id="sm-2ad">
         <name>_EPWM2_INT_ISR</name>
         <value>0x3f587d</value>
         <object_component_ref idref="oc-28"/>
      </symbol>
      <symbol id="sm-2ae">
         <name>_mode</name>
         <value>0x9014</value>
         <object_component_ref idref="oc-26"/>
      </symbol>
      <symbol id="sm-2af">
         <name>_lockDevEn</name>
         <value>0x9015</value>
         <object_component_ref idref="oc-26"/>
      </symbol>
      <symbol id="sm-2b0">
         <name>_TINT0_ISR</name>
         <value>0x3f580f</value>
         <object_component_ref idref="oc-28"/>
      </symbol>
      <symbol id="sm-2b1">
         <name>_WAKEINT_ISR</name>
         <value>0x3f5819</value>
         <object_component_ref idref="oc-28"/>
      </symbol>
      <symbol id="sm-2b2">
         <name>_vel</name>
         <value>0x902a</value>
         <object_component_ref idref="oc-26"/>
      </symbol>
      <symbol id="sm-2b3">
         <name>_saadFrameSend</name>
         <value>0x9098</value>
         <object_component_ref idref="oc-26"/>
      </symbol>
      <symbol id="sm-2b4">
         <name>_ADCINT7_ISR</name>
         <value>0x3f5a17</value>
         <object_component_ref idref="oc-28"/>
      </symbol>
      <symbol id="sm-2b5">
         <name>_usDelay</name>
         <value>0x3f4246</value>
         <object_component_ref idref="oc-4f"/>
      </symbol>
      <symbol id="sm-2b6">
         <name>_timer0cnt</name>
         <value>0x9050</value>
         <object_component_ref idref="oc-26"/>
      </symbol>
      <symbol id="sm-2b7">
         <name>_ADCINT9_ISR</name>
         <value>0x3f5805</value>
         <object_component_ref idref="oc-28"/>
      </symbol>
      <symbol id="sm-2b8">
         <name>_parkInv</name>
         <value>0x3f5048</value>
         <object_component_ref idref="oc-4f"/>
      </symbol>
      <symbol id="sm-2b9">
         <name>_DINTCH4_ISR</name>
         <value>0x3f5981</value>
         <object_component_ref idref="oc-28"/>
      </symbol>
      <symbol id="sm-2ba">
         <name>_START_BIT_BITS</name>
         <value>0x906c</value>
         <object_component_ref idref="oc-26"/>
      </symbol>
      <symbol id="sm-2bb">
         <name>_USER10_ISR</name>
         <value>0x3f57bf</value>
         <object_component_ref idref="oc-28"/>
      </symbol>
      <symbol id="sm-2bc">
         <name>_mcbspRegs</name>
         <value>0x9064</value>
         <object_component_ref idref="oc-26"/>
      </symbol>
      <symbol id="sm-2bd">
         <name>_USER7_ISR</name>
         <value>0x3f57a1</value>
         <object_component_ref idref="oc-28"/>
      </symbol>
      <symbol id="sm-2be">
         <name>_COMMAND_BYTE</name>
         <value>0x9007</value>
         <object_component_ref idref="oc-26"/>
      </symbol>
      <symbol id="sm-2bf">
         <name>_XINT1_ISR</name>
         <value>0x3f57f1</value>
         <object_component_ref idref="oc-28"/>
      </symbol>
      <symbol id="sm-2c0">
         <name>_CpuTimer0Regs</name>
         <value>0x9054</value>
         <object_component_ref idref="oc-26"/>
      </symbol>
      <symbol id="sm-2c1">
         <name>_setXTALOsc</name>
         <value>0x3f4637</value>
         <object_component_ref idref="oc-4f"/>
      </symbol>
      <symbol id="sm-2c2">
         <name>_interrupSVectTable</name>
         <value>0x9062</value>
         <object_component_ref idref="oc-26"/>
      </symbol>
      <symbol id="sm-2c3">
         <name>_INT14_ISR</name>
         <value>0x3f5729</value>
         <object_component_ref idref="oc-28"/>
      </symbol>
      <symbol id="sm-2c4">
         <name>_disablePWM</name>
         <value>0x3f4df7</value>
         <object_component_ref idref="oc-4f"/>
      </symbol>
      <symbol id="sm-2c5">
         <name>_interruptSEnable</name>
         <value>0x3f4ba0</value>
         <object_component_ref idref="oc-4f"/>
      </symbol>
      <symbol id="sm-2c6">
         <name>_speed</name>
         <value>0x902c</value>
         <object_component_ref idref="oc-26"/>
      </symbol>
      <symbol id="sm-2c7">
         <name>_PieVectTableInit</name>
         <value>0x3f6c86</value>
         <object_component_ref idref="oc-27"/>
      </symbol>
      <symbol id="sm-2c8">
         <name>_pidQ</name>
         <value>0x9280</value>
         <object_component_ref idref="oc-26"/>
      </symbol>
      <symbol id="sm-2c9">
         <name>_pidD</name>
         <value>0x9200</value>
         <object_component_ref idref="oc-26"/>
      </symbol>
      <symbol id="sm-2ca">
         <name>_gpioInit</name>
         <value>0x3f4257</value>
         <object_component_ref idref="oc-4f"/>
      </symbol>
      <symbol id="sm-2cb">
         <name>_GYRO_X_isr</name>
         <value>0x3f653b</value>
         <object_component_ref idref="oc-28"/>
      </symbol>
      <symbol id="sm-2cc">
         <name>_flashInit</name>
         <value>0x3f44a0</value>
         <object_component_ref idref="oc-4f"/>
      </symbol>
      <symbol id="sm-2cd">
         <name>_adcRes</name>
         <value>0x9100</value>
         <object_component_ref idref="oc-26"/>
      </symbol>
      <symbol id="sm-2ce">
         <name>_clkInit</name>
         <value>0x3f485d</value>
         <object_component_ref idref="oc-4f"/>
      </symbol>
      <symbol id="sm-2cf">
         <name>_crc8VEL</name>
         <value>0x3f4e59</value>
         <object_component_ref idref="oc-4f"/>
      </symbol>
      <symbol id="sm-2d0">
         <name>_clarkeInv</name>
         <value>0x3f5083</value>
         <object_component_ref idref="oc-4f"/>
      </symbol>
      <symbol id="sm-2d1">
         <name>_SAAD_ST</name>
         <value>0x9003</value>
         <object_component_ref idref="oc-26"/>
      </symbol>
      <symbol id="sm-2d2">
         <name>_xData</name>
         <value>0x9019</value>
         <object_component_ref idref="oc-26"/>
      </symbol>
      <symbol id="sm-2d3">
         <name>_saadFrameResive</name>
         <value>0x90a8</value>
         <object_component_ref idref="oc-26"/>
      </symbol>
      <symbol id="sm-2d4">
         <name>_EPWM7_INT_ISR</name>
         <value>0x3f58af</value>
         <object_component_ref idref="oc-28"/>
      </symbol>
      <symbol id="sm-2d5">
         <name>_delay</name>
         <value>0x9017</value>
         <object_component_ref idref="oc-26"/>
      </symbol>
      <symbol id="sm-2d6">
         <name>_gpioS</name>
         <value>0x9032</value>
         <object_component_ref idref="oc-26"/>
      </symbol>
      <symbol id="sm-2d7">
         <name>_DINTCH5_ISR</name>
         <value>0x3f598b</value>
         <object_component_ref idref="oc-28"/>
      </symbol>
      <symbol id="sm-2d8">
         <name>_time</name>
         <value>0x903c</value>
         <object_component_ref idref="oc-26"/>
      </symbol>
      <symbol id="sm-2d9">
         <name>_mcbspaSetup</name>
         <value>0x3f495d</value>
         <object_component_ref idref="oc-4f"/>
      </symbol>
      <symbol id="sm-2da">
         <name>_USER6_ISR</name>
         <value>0x3f5797</value>
         <object_component_ref idref="oc-28"/>
      </symbol>
      <symbol id="sm-2db">
         <name>_setExtOsc</name>
         <value>0x3f4652</value>
         <object_component_ref idref="oc-4f"/>
      </symbol>
      <symbol id="sm-2dc">
         <name>_CLA1_INT1_ISR</name>
         <value>0x3f5a2b</value>
         <object_component_ref idref="oc-28"/>
      </symbol>
      <symbol id="sm-2dd">
         <name>_pwmRegS</name>
         <value>0x90b0</value>
         <object_component_ref idref="oc-26"/>
      </symbol>
      <symbol id="sm-2de">
         <name>_calcSpeed</name>
         <value>0x3f55be</value>
         <object_component_ref idref="oc-4f"/>
      </symbol>
      <symbol id="sm-2df">
         <name>_systemSetup</name>
         <value>0x3f44d0</value>
         <object_component_ref idref="oc-4f"/>
      </symbol>
      <symbol id="sm-2e0">
         <name>_jj</name>
         <value>0x903e</value>
         <object_component_ref idref="oc-26"/>
      </symbol>
      <symbol id="sm-2e1">
         <name>_setupGPIOsInterrupt</name>
         <value>0x3f4491</value>
         <object_component_ref idref="oc-4f"/>
      </symbol>
      <symbol id="sm-2e2">
         <name>_alBeI</name>
         <value>0x90a0</value>
         <object_component_ref idref="oc-26"/>
      </symbol>
      <symbol id="sm-2e3">
         <name>_adcResRegs</name>
         <value>0x9038</value>
         <object_component_ref idref="oc-26"/>
      </symbol>
      <symbol id="sm-2e4">
         <name>_ADCINT1_ISR</name>
         <value>0x3f57dd</value>
         <object_component_ref idref="oc-28"/>
      </symbol>
      <symbol id="sm-2e5">
         <name>_mcbsp_write</name>
         <value>0x3f49fb</value>
         <object_component_ref idref="oc-4f"/>
      </symbol>
      <symbol id="sm-2e6">
         <name>_yData</name>
         <value>0x901b</value>
         <object_component_ref idref="oc-26"/>
      </symbol>
      <symbol id="sm-2e7">
         <name>_MRINTA_ISR</name>
         <value>0x3f594f</value>
         <object_component_ref idref="oc-28"/>
      </symbol>
      <symbol id="sm-2e8">
         <name>_DINTCH6_ISR</name>
         <value>0x3f5995</value>
         <object_component_ref idref="oc-28"/>
      </symbol>
      <symbol id="sm-2e9">
         <name>_stopMotor</name>
         <value>0x3f4f0c</value>
         <object_component_ref idref="oc-4f"/>
      </symbol>
      <symbol id="sm-2ea">
         <name>_alpha</name>
         <value>0x9028</value>
         <object_component_ref idref="oc-26"/>
      </symbol>
      <symbol id="sm-2eb">
         <name>_USER12_ISR</name>
         <value>0x3f57d3</value>
         <object_component_ref idref="oc-28"/>
      </symbol>
      <symbol id="sm-2ec">
         <name>_USER1_ISR</name>
         <value>0x3f5765</value>
         <object_component_ref idref="oc-28"/>
      </symbol>
      <symbol id="sm-2ed">
         <name>_flashRegs</name>
         <value>0x9066</value>
         <object_component_ref idref="oc-26"/>
      </symbol>
      <symbol id="sm-2ee">
         <name>_mode3cnt</name>
         <value>0x9046</value>
         <object_component_ref idref="oc-26"/>
      </symbol>
      <symbol id="sm-2ef">
         <name>_XINT3_ISR</name>
         <value>0x3f5a7b</value>
         <object_component_ref idref="oc-28"/>
      </symbol>
      <symbol id="sm-2f0">
         <name>_CLA1_INT6_ISR</name>
         <value>0x3f5a5d</value>
         <object_component_ref idref="oc-28"/>
      </symbol>
      <symbol id="sm-2f1">
         <name>_CpuTimer2Regs</name>
         <value>0x906e</value>
         <object_component_ref idref="oc-26"/>
      </symbol>
      <symbol id="sm-2f2">
         <name>_EPWM5_INT_ISR</name>
         <value>0x3f589b</value>
         <object_component_ref idref="oc-28"/>
      </symbol>
      <symbol id="sm-2f3">
         <name>_testSciSend</name>
         <value>0x9011</value>
         <object_component_ref idref="oc-26"/>
      </symbol>
      <symbol id="sm-2f4">
         <name>_NMI_ISR</name>
         <value>0x3f5751</value>
         <object_component_ref idref="oc-28"/>
      </symbol>
      <symbol id="sm-2f5">
         <name>_ServiceDog</name>
         <value>0x3f44ee</value>
         <object_component_ref idref="oc-4f"/>
      </symbol>
      <symbol id="sm-2f6">
         <name>_SCITXINTB_ISR</name>
         <value>0x3f59d1</value>
         <object_component_ref idref="oc-28"/>
      </symbol>
      <symbol id="sm-2f7">
         <name>_SCIRXINTB_ISR</name>
         <value>0x3f59c7</value>
         <object_component_ref idref="oc-28"/>
      </symbol>
      <symbol id="sm-2f8">
         <name>_makeTest</name>
         <value>0x3f512d</value>
         <object_component_ref idref="oc-4f"/>
      </symbol>
      <symbol id="sm-2f9">
         <name>_ECAN1INTA_ISR</name>
         <value>0x3f59e5</value>
         <object_component_ref idref="oc-28"/>
      </symbol>
      <symbol id="sm-2fa">
         <name>_mcbspSetupSpi</name>
         <value>0x3f49a4</value>
         <object_component_ref idref="oc-4f"/>
      </symbol>
      <symbol id="sm-2fb">
         <name>_timerSConfig</name>
         <value>0x3f4c02</value>
         <object_component_ref idref="oc-4f"/>
      </symbol>
      <symbol id="sm-2fc">
         <name>_spiData</name>
         <value>0x9060</value>
         <object_component_ref idref="oc-26"/>
      </symbol>
      <symbol id="sm-2fd">
         <name>_ADCINT2_ISR</name>
         <value>0x3f57e7</value>
         <object_component_ref idref="oc-28"/>
      </symbol>
      <symbol id="sm-2fe">
         <name>_sciaWrite</name>
         <value>0x3f4b40</value>
         <object_component_ref idref="oc-4f"/>
      </symbol>
      <symbol id="sm-2ff">
         <name>_sciaRead</name>
         <value>0x3f4b3b</value>
         <object_component_ref idref="oc-4f"/>
      </symbol>
      <symbol id="sm-300">
         <name>_setPWMValuesArr</name>
         <value>0x3f4e0c</value>
         <object_component_ref idref="oc-4f"/>
      </symbol>
      <symbol id="sm-301">
         <name>_SAAD_TESTS_BITS</name>
         <value>0x9001</value>
         <object_component_ref idref="oc-26"/>
      </symbol>
      <symbol id="sm-302">
         <name>_ECAP2_INT_ISR</name>
         <value>0x3f58cd</value>
         <object_component_ref idref="oc-28"/>
      </symbol>
      <symbol id="sm-303">
         <name>_dt</name>
         <value>0x904e</value>
         <object_component_ref idref="oc-26"/>
      </symbol>
      <symbol id="sm-304">
         <name>_dq</name>
         <value>0x9090</value>
         <object_component_ref idref="oc-26"/>
      </symbol>
      <symbol id="sm-305">
         <name>_START_BIT</name>
         <value>0x9068</value>
         <object_component_ref idref="oc-26"/>
      </symbol>
      <symbol id="sm-306">
         <name>_PIE_RESERVED</name>
         <value>0x3f5aa6</value>
         <object_component_ref idref="oc-28"/>
      </symbol>
      <symbol id="sm-307">
         <name>_motor1</name>
         <value>0x9140</value>
         <object_component_ref idref="oc-26"/>
      </symbol>
      <symbol id="sm-308">
         <name>_motor0</name>
         <value>0x9180</value>
         <object_component_ref idref="oc-26"/>
      </symbol>
      <symbol id="sm-309">
         <name>_tempData1</name>
         <value>0x906a</value>
         <object_component_ref idref="oc-26"/>
      </symbol>
      <symbol id="sm-30a">
         <name>_tempData2</name>
         <value>0x9056</value>
         <object_component_ref idref="oc-26"/>
      </symbol>
      <symbol id="sm-30b">
         <name>_AMCconf</name>
         <value>0x3f4a3c</value>
         <object_component_ref idref="oc-4f"/>
      </symbol>
      <symbol id="sm-30c">
         <name>_I2CINT1A_ISR</name>
         <value>0x3f599f</value>
         <object_component_ref idref="oc-28"/>
      </symbol>
      <symbol id="sm-30d">
         <name>_XINT2_ISR</name>
         <value>0x3f57fb</value>
         <object_component_ref idref="oc-28"/>
      </symbol>
      <symbol id="sm-30e">
         <name>_CLA1_INT7_ISR</name>
         <value>0x3f5a67</value>
         <object_component_ref idref="oc-28"/>
      </symbol>
      <symbol id="sm-30f">
         <name>_spiaRegs</name>
         <value>0x9052</value>
         <object_component_ref idref="oc-26"/>
      </symbol>
      <symbol id="sm-310">
         <name>_I2CINT2A_ISR</name>
         <value>0x3f59a9</value>
         <object_component_ref idref="oc-28"/>
      </symbol>
      <symbol id="sm-311">
         <name>_DATA</name>
         <value>0x9009</value>
         <object_component_ref idref="oc-26"/>
      </symbol>
      <symbol id="sm-312">
         <name>_acel</name>
         <value>0x9048</value>
         <object_component_ref idref="oc-26"/>
      </symbol>
      <symbol id="sm-313">
         <name>_CTRLSUM</name>
         <value>0x9000</value>
         <object_component_ref idref="oc-26"/>
      </symbol>
      <symbol id="sm-314">
         <name>_RTOSINT_ISR</name>
         <value>0x3f573d</value>
         <object_component_ref idref="oc-28"/>
      </symbol>
      <symbol id="sm-315">
         <name>_EPWM3_INT_ISR</name>
         <value>0x3f5887</value>
         <object_component_ref idref="oc-28"/>
      </symbol>
      <symbol id="sm-316">
         <name>_mcbsp_read</name>
         <value>0x3f4a16</value>
         <object_component_ref idref="oc-4f"/>
      </symbol>
      <symbol id="sm-317">
         <name>_lockDevStepCount</name>
         <value>0x9013</value>
         <object_component_ref idref="oc-26"/>
      </symbol>
      <symbol id="sm-318">
         <name>_clkS</name>
         <value>0x9036</value>
         <object_component_ref idref="oc-26"/>
      </symbol>
      <symbol id="sm-319">
         <name>_clkg_delay_loop</name>
         <value>0x3f4941</value>
         <object_component_ref idref="oc-4f"/>
      </symbol>
      <symbol id="sm-31a">
         <name>_setSci</name>
         <value>0x901d</value>
         <object_component_ref idref="oc-26"/>
      </symbol>
      <symbol id="sm-31b">
         <name>_lockDevSend</name>
         <value>0x9016</value>
         <object_component_ref idref="oc-26"/>
      </symbol>
      <symbol id="sm-31c">
         <name>_ADCINT3_ISR</name>
         <value>0x3f59ef</value>
         <object_component_ref idref="oc-28"/>
      </symbol>
      <symbol id="sm-31d">
         <name>_crc8DATA</name>
         <value>0x3f4e79</value>
         <object_component_ref idref="oc-4f"/>
      </symbol>
      <symbol id="sm-31e">
         <name>_SPITXINTB_ISR</name>
         <value>0x3f5945</value>
         <object_component_ref idref="oc-28"/>
      </symbol>
      <symbol id="sm-31f">
         <name>_SPIRXINTB_ISR</name>
         <value>0x3f593b</value>
         <object_component_ref idref="oc-28"/>
      </symbol>
      <symbol id="sm-320">
         <name>_USER9_ISR</name>
         <value>0x3f57b5</value>
         <object_component_ref idref="oc-28"/>
      </symbol>
      <symbol id="sm-321">
         <name>_getMaxPWMVal</name>
         <value>0x3f4e2b</value>
         <object_component_ref idref="oc-4f"/>
      </symbol>
      <symbol id="sm-322">
         <name>_flashSetup</name>
         <value>0x3f44a6</value>
         <object_component_ref idref="oc-4f"/>
      </symbol>
      <symbol id="sm-323">
         <name>_alphaF</name>
         <value>0x3f51d1</value>
         <object_component_ref idref="oc-4f"/>
      </symbol>
      <symbol id="sm-324">
         <name>_alpha1</name>
         <value>0x9026</value>
         <object_component_ref idref="oc-26"/>
      </symbol>
      <symbol id="sm-325">
         <name>_USER3_ISR</name>
         <value>0x3f5779</value>
         <object_component_ref idref="oc-28"/>
      </symbol>
      <symbol id="sm-326">
         <name>_POSITION</name>
         <value>0x900b</value>
         <object_component_ref idref="oc-26"/>
      </symbol>
      <symbol id="sm-327">
         <name>_mcbspaInit</name>
         <value>0x3f4957</value>
         <object_component_ref idref="oc-4f"/>
      </symbol>
      <symbol id="sm-328">
         <name>_apsR</name>
         <value>0x900e</value>
         <object_component_ref idref="oc-26"/>
      </symbol>
      <symbol id="sm-329">
         <name>_pid_reg3_calc</name>
         <value>0x3f4f14</value>
         <object_component_ref idref="oc-4f"/>
      </symbol>
      <symbol id="sm-32a">
         <name>_CLA1_INT4_ISR</name>
         <value>0x3f5a49</value>
         <object_component_ref idref="oc-28"/>
      </symbol>
      <symbol id="sm-32b">
         <name>_apsL</name>
         <value>0x900d</value>
         <object_component_ref idref="oc-26"/>
      </symbol>
      <symbol id="sm-32c">
         <name>_sciaRegs</name>
         <value>0x905c</value>
         <object_component_ref idref="oc-26"/>
      </symbol>
      <symbol id="sm-32d">
         <name>_pwmValues</name>
         <value>0x907c</value>
         <object_component_ref idref="oc-26"/>
      </symbol>
      <symbol id="sm-32e">
         <name>_calcPWM</name>
         <value>0x3f4e99</value>
         <object_component_ref idref="oc-4f"/>
      </symbol>
      <symbol id="sm-32f">
         <name>_EQEP1_INT_ISR</name>
         <value>0x3f58f5</value>
         <object_component_ref idref="oc-28"/>
      </symbol>
      <symbol id="sm-330">
         <name>_mcbspData</name>
         <value>0x903a</value>
         <object_component_ref idref="oc-26"/>
      </symbol>
      <symbol id="sm-331">
         <name>_HRCAP3_INT_ISR</name>
         <value>0x3f5909</value>
         <object_component_ref idref="oc-28"/>
      </symbol>
      <symbol id="sm-332">
         <name>_SAAD_TEST_RES_BITS</name>
         <value>0x9002</value>
         <object_component_ref idref="oc-26"/>
      </symbol>
      <symbol id="sm-333">
         <name>_adcRead</name>
         <value>0x3f47f3</value>
         <object_component_ref idref="oc-4f"/>
      </symbol>
      <symbol id="sm-334">
         <name>_timerInit</name>
         <value>0x3f4bf6</value>
         <object_component_ref idref="oc-4f"/>
      </symbol>
      <symbol id="sm-335">
         <name>_counter</name>
         <value>0x9018</value>
         <object_component_ref idref="oc-26"/>
      </symbol>
      <symbol id="sm-336">
         <name>_DATA_BITS</name>
         <value>0x900c</value>
         <object_component_ref idref="oc-26"/>
      </symbol>
      <symbol id="sm-337">
         <name>_SPI_RX_isr</name>
         <value>0x3f5502</value>
         <object_component_ref idref="oc-4f"/>
      </symbol>
      <symbol id="sm-338">
         <name>_VELOCITY</name>
         <value>0x9006</value>
         <object_component_ref idref="oc-26"/>
      </symbol>
      <symbol id="sm-339">
         <name>_setupPeripheralClks</name>
         <value>0x3f4897</value>
         <object_component_ref idref="oc-4f"/>
      </symbol>
      <symbol id="sm-33a">
         <name>_setupClks</name>
         <value>0x3f4866</value>
         <object_component_ref idref="oc-4f"/>
      </symbol>
      <symbol id="sm-33b">
         <name>_sendDubSCI</name>
         <value>0x900f</value>
         <object_component_ref idref="oc-26"/>
      </symbol>
      <symbol id="sm-33c">
         <name>_DINTCH1_ISR</name>
         <value>0x3f5963</value>
         <object_component_ref idref="oc-28"/>
      </symbol>
      <symbol id="sm-33d">
         <name>_USER8_ISR</name>
         <value>0x3f57ab</value>
         <object_component_ref idref="oc-28"/>
      </symbol>
      <symbol id="sm-33e">
         <name>_EPWM1_INT_ISR</name>
         <value>0x3f5873</value>
         <object_component_ref idref="oc-28"/>
      </symbol>
      <symbol id="sm-33f">
         <name>_sciCounter</name>
         <value>0x9020</value>
         <object_component_ref idref="oc-26"/>
      </symbol>
      <symbol id="sm-340">
         <name>_USER2_ISR</name>
         <value>0x3f576f</value>
         <object_component_ref idref="oc-28"/>
      </symbol>
      <symbol id="sm-341">
         <name>_sysCtrlRegs</name>
         <value>0x9030</value>
         <object_component_ref idref="oc-26"/>
      </symbol>
      <symbol id="sm-342">
         <name>_pidVel</name>
         <value>0x9300</value>
         <object_component_ref idref="oc-26"/>
      </symbol>
      <symbol id="sm-343">
         <name>_mcbspAddr</name>
         <value>0x3f4a38</value>
         <object_component_ref idref="oc-4f"/>
      </symbol>
      <symbol id="sm-344">
         <name>_CLA1_INT5_ISR</name>
         <value>0x3f5a53</value>
         <object_component_ref idref="oc-28"/>
      </symbol>
      <symbol id="sm-345">
         <name>_LUF_ISR</name>
         <value>0x3f5a8f</value>
         <object_component_ref idref="oc-28"/>
      </symbol>
      <symbol id="sm-346">
         <name>_LVF_ISR</name>
         <value>0x3f5a85</value>
         <object_component_ref idref="oc-28"/>
      </symbol>
      <symbol id="sm-347">
         <name>_interrupSDefVectTableInit</name>
         <value>0x3f4bcb</value>
         <object_component_ref idref="oc-4f"/>
      </symbol>
      <symbol id="sm-348">
         <name>_SCITXINTA_ISR</name>
         <value>0x3f59bd</value>
         <object_component_ref idref="oc-28"/>
      </symbol>
      <symbol id="sm-349">
         <name>_SCIRXINTA_ISR</name>
         <value>0x3f59b3</value>
         <object_component_ref idref="oc-28"/>
      </symbol>
      <symbol id="sm-34a">
         <name>_j</name>
         <value>0x9042</value>
         <object_component_ref idref="oc-26"/>
      </symbol>
      <symbol id="sm-34b">
         <name>_i</name>
         <value>0x9040</value>
         <object_component_ref idref="oc-26"/>
      </symbol>
      <symbol id="sm-34c">
         <name>_setPWMValues</name>
         <value>0x3f4dd5</value>
         <object_component_ref idref="oc-4f"/>
      </symbol>
      <symbol id="sm-34d">
         <name>_sciaSetup</name>
         <value>0x3f4b06</value>
         <object_component_ref idref="oc-4f"/>
      </symbol>
      <symbol id="sm-34e">
         <name>_spiModule</name>
         <value>0x91c0</value>
         <object_component_ref idref="oc-26"/>
      </symbol>
      <symbol id="sm-34f">
         <name>_interrupsCpuSetup</name>
         <value>0x3f4bab</value>
         <object_component_ref idref="oc-4f"/>
      </symbol>
      <symbol id="sm-350">
         <name>_AMCconfArr</name>
         <value>0x9380</value>
         <object_component_ref idref="oc-26"/>
      </symbol>
      <symbol id="sm-351">
         <name>_rsvd_ISR</name>
         <value>0x3f5ab0</value>
         <object_component_ref idref="oc-28"/>
      </symbol>
      <symbol id="sm-352">
         <name>_sendSCI</name>
         <value>0x9010</value>
         <object_component_ref idref="oc-26"/>
      </symbol>
      <symbol id="sm-353">
         <name>_xIntruptRegs</name>
         <value>0x905e</value>
         <object_component_ref idref="oc-26"/>
      </symbol>
      <symbol id="sm-354">
         <name>_HRCAP1_INT_ISR</name>
         <value>0x3f58e1</value>
         <object_component_ref idref="oc-28"/>
      </symbol>
      <symbol id="sm-355">
         <name>_delay_loop</name>
         <value>0x3f492b</value>
         <object_component_ref idref="oc-4f"/>
      </symbol>
      <symbol id="sm-356">
         <name>_clarke</name>
         <value>0x3f4fd9</value>
         <object_component_ref idref="oc-4f"/>
      </symbol>
      <symbol id="sm-357">
         <name>_SAAD_CTRL</name>
         <value>0x9022</value>
         <object_component_ref idref="oc-26"/>
      </symbol>
      <symbol id="sm-358">
         <name>_spiInit</name>
         <value>0x3f4add</value>
         <object_component_ref idref="oc-4f"/>
      </symbol>
      <symbol id="sm-359">
         <name>_DINTCH2_ISR</name>
         <value>0x3f596d</value>
         <object_component_ref idref="oc-28"/>
      </symbol>
      <symbol id="sm-35a">
         <name>_SAAD_CTRL_BITS</name>
         <value>0x9024</value>
         <object_component_ref idref="oc-26"/>
      </symbol>
      <symbol id="sm-35b">
         <name>_systemInit</name>
         <value>0x3f44ca</value>
         <object_component_ref idref="oc-4f"/>
      </symbol>
      <symbol id="sm-35c">
         <name>_dqP</name>
         <value>0x9080</value>
         <object_component_ref idref="oc-26"/>
      </symbol>
      <symbol id="sm-35d">
         <name>_saadTests</name>
         <value>0x901c</value>
         <object_component_ref idref="oc-26"/>
      </symbol>
      <symbol id="sm-35e">
         <name>_adcRegs</name>
         <value>0x9034</value>
         <object_component_ref idref="oc-26"/>
      </symbol>
      <symbol id="sm-35f">
         <name>_adc_X_ISR</name>
         <value>0x3f654f</value>
         <object_component_ref idref="oc-28"/>
      </symbol>
      <symbol id="sm-360">
         <name>_setUpPeripheralClocks</name>
         <value>0x3f4565</value>
         <object_component_ref idref="oc-4f"/>
      </symbol>
      <symbol id="sm-374">
         <name>_c_int00</name>
         <value>0x3f6afd</value>
         <object_component_ref idref="oc-16"/>
      </symbol>
      <symbol id="sm-375">
         <name>__stack</name>
         <value>0x50</value>
         <object_component_ref idref="oc-2c"/>
      </symbol>
      <symbol id="sm-381">
         <name>_cos</name>
         <value>0x3f6a44</value>
         <object_component_ref idref="oc-55"/>
      </symbol>
      <symbol id="sm-392">
         <name>C$$EXIT</name>
         <value>0x3f6b5c</value>
         <object_component_ref idref="oc-4e"/>
      </symbol>
      <symbol id="sm-393">
         <name>_exit</name>
         <value>0x3f6b5e</value>
         <object_component_ref idref="oc-4e"/>
      </symbol>
      <symbol id="sm-394">
         <name>___TI_cleanup_ptr</name>
         <value>0x9404</value>
         <object_component_ref idref="oc-37"/>
      </symbol>
      <symbol id="sm-395">
         <name>_abort</name>
         <value>0x3f6b5c</value>
         <object_component_ref idref="oc-4e"/>
      </symbol>
      <symbol id="sm-396">
         <name>___TI_dtors_ptr</name>
         <value>0x9406</value>
         <object_component_ref idref="oc-37"/>
      </symbol>
      <symbol id="sm-3a3">
         <name>FS$$DIV</name>
         <value>0x3f69bc</value>
         <object_component_ref idref="oc-3b"/>
      </symbol>
      <symbol id="sm-3ae">
         <name>_sin</name>
         <value>0x3f6aa5</value>
         <object_component_ref idref="oc-56"/>
      </symbol>
      <symbol id="sm-3bc">
         <name>__unlock</name>
         <value>0x9400</value>
         <object_component_ref idref="oc-45"/>
      </symbol>
      <symbol id="sm-3bd">
         <name>__lock</name>
         <value>0x9402</value>
         <object_component_ref idref="oc-45"/>
      </symbol>
      <symbol id="sm-3be">
         <name>__register_lock</name>
         <value>0x3f6b79</value>
         <object_component_ref idref="oc-51"/>
      </symbol>
      <symbol id="sm-3bf">
         <name>__nop</name>
         <value>0x3f6b7d</value>
         <object_component_ref idref="oc-51"/>
      </symbol>
      <symbol id="sm-3c0">
         <name>__register_unlock</name>
         <value>0x3f6b75</value>
         <object_component_ref idref="oc-51"/>
      </symbol>
      <symbol id="sm-3cc">
         <name>__args_main</name>
         <value>0x3f6b43</value>
         <object_component_ref idref="oc-4d"/>
      </symbol>
      <symbol id="sm-3cd">
         <name>__TI_args_main</name>
         <value>0x1</value>
      </symbol>
   </symbol_table>
   <title>Link successful</title>
</link_info>
